// Jest Snapshot v1, https://goo.gl/fbAQLP

exports[`add item component render the three inputs 1`] = `
<div>
  <Redirect
    push={false}
    to="/"
  />
</div>
`;

exports[`add item component should render correctly 1`] = `
<div>
  <Redirect
    push={false}
    to="/"
  />
</div>
`;
